20:56:03  INFO Starting Pumpkin 0.2.0+26.3-26.51 Java Minecraft (Protocol 777) | 1.26.51 Bedrock (Protocol 2193)
20:56:03  WARN Pumpkin is currently under heavy development!
20:56:03  INFO Report issues on https://github.com/Pumpkin-MC/Pumpkin/issues
20:56:03  INFO Join our Discord for community support: https://discord.gg/wT8XjrjKkf
20:56:03  INFO Consider Donating to https://pumpkinmc.org/donate/
20:56:03  WARN No level.dat in world, creating a new world with seed 111295
20:56:03  INFO Enabled dimensions: ["minecraft:overworld", "minecraft:the_nether", "minecraft:the_end"]
20:56:03  INFO Loading minecraft:overworld
20:56:03  INFO Loading minecraft:the_nether
20:56:03  INFO Loading minecraft:the_end
20:56:03  INFO All worlds loaded successfully.
20:56:03  INFO Loaded 3 embedded test instance(s)
20:56:03  INFO Loaded 26 int and 4 float embedded context provider(s)
20:56:04  WARN Plugin './plugins/rrtest.wasm' is unsigned. Unsigned plugins may come from untrusted sources.
20:56:04  INFO [plugin] rrtlog vanilla blocks=1286 states=35723 items=1658
20:56:04  INFO Plugin rrtest registered block rrtest:crusher with id 1286 and 8 states from state id 35723
20:56:04  INFO [plugin] rrtlog register crusher -> Ok(1286)
20:56:04  INFO Plugin rrtest registered block rrtest:crusher with id 1286 and 8 states from state id 35723
20:56:04  INFO [plugin] rrtlog register crusher again -> Ok(1286)
20:56:04  INFO [plugin] rrtlog register crusher changed -> Err("block 'rrtest:crusher' is already registered with another definition")
20:56:04  INFO Plugin rrtest registered block rrtest:stairs with id 1287 and 80 states from state id 35731
20:56:04  INFO [plugin] rrtlog register stairs -> Ok(1287)
20:56:04  INFO Plugin rrtest registered item rrtest:crusher with id 1658
20:56:04  INFO [plugin] rrtlog register item -> Ok(1658)
20:56:04  INFO Plugin rrtest linked item rrtest:crusher to block rrtest:crusher
20:56:04  INFO [plugin] rrtlog link -> Ok(())
20:56:04  INFO [plugin] rrtlog block tag -> Ok(())
20:56:04  INFO [plugin] rrtlog block rrtest:crusher id=1286 base_state=35723 states=8 item=Some(1658)
20:56:04  INFO [plugin] rrtlog block rrtest:stairs id=1287 base_state=35731 states=80 item=None
20:56:04  INFO [plugin] rrtlog stairs combos=80 mismatches=0 first_mismatch=None default_offset ours=Some(11) oak=Some(11)
20:56:04  INFO Loaded rrtest (0.1.0)
20:56:04  WARN Plugin "rrtest" uses the following permissions: ["registry.blocks", "registry.items", "fs.read.data"]
20:56:04  INFO Started server; took 1038ms
20:56:04  INFO Server is now running. Connect using port: Java Edition: 0.0.0.0:25565
20:56:04  WARN The input is not a TTY; falling back to simple logger and ignoring `use_tty` setting
20:56:04  INFO [plugin] rrtlog block rrtest:crusher id=1286 base_state=35723 states=8
20:56:04  INFO [plugin] rrtlog block rrtest:stairs id=1287 base_state=35731 states=80
20:56:04  INFO [plugin] rrtlog item rrtest:crusher id=1658
Marked 3 chunks in minecraft:overworld from [0, 0] to [2, 0] to be force loaded
Changed the block at 4, 100, 4
20:56:08  INFO [plugin] rrtlog get 4 100 4 id=35724 block=1286 name=rrtest:crusher
20:56:08  INFO [plugin] rrtlog set 6 100 4 rrtest:crusher state=35729
20:56:08  INFO [plugin] rrtlog get 6 100 4 id=35729 block=1286 name=rrtest:crusher
20:56:08  INFO [plugin] rrtlog set 36 100 4 rrtest:stairs state=35772
20:56:08  INFO [plugin] rrtlog get 36 100 4 id=35772 block=1287 name=rrtest:stairs
Changed the block at 8, 100, 4
20:56:08  INFO [plugin] rrtlog late register -> Err("blocks can only be registered before players connect")
20:56:08  INFO [plugin] rrtlog late item -> Err("items can only be registered before players connect")
Stopping the server
20:56:08  INFO Stopped accepting incoming connections
20:56:08  INFO Ending player tasks
20:56:08  INFO All plugins unloaded successfully
20:56:08  INFO Starting save.
20:56:08  INFO Starting worlds
20:56:08  INFO Saving level (world)...
20:56:08  INFO Joining 1 threads for world...
20:56:08  INFO Saving chunks before shutdown...
20:56:08  INFO Saving 143 chunks (collected from 143 holders)...
20:56:08  INFO schedule: waiting for 0 generation tasks to finish
20:56:08  INFO Flushing chunk data to disk for world...
20:56:08  INFO Flushing entity data to disk for world...
20:56:08  INFO Saving level (world)...
20:56:08  INFO Joining 1 threads for world...
20:56:08  INFO Saving chunks before shutdown...
20:56:08  INFO schedule: waiting for 0 generation tasks to finish
20:56:08  INFO Flushing chunk data to disk for world...
20:56:08  INFO Flushing entity data to disk for world...
20:56:08  INFO Saving level (world)...
20:56:08  INFO Joining 1 threads for world...
20:56:08  INFO Saving chunks before shutdown...
20:56:08  INFO schedule: waiting for 0 generation tasks to finish
20:56:08  INFO Flushing chunk data to disk for world...
20:56:08  INFO Flushing entity data to disk for world...
20:56:08  INFO Completed worlds
20:56:08  INFO Completed save!
20:56:08  INFO The server has stopped.
